// Jest Snapshot v1, https://goo.gl/fbAQLP

exports[`renders button 1`] = `
<button
  className="button"
  disabled={false}
  onClick={[Function]}
  type="button"
>
  button
</button>
`;
