// Jest Snapshot v1, https://goo.gl/fbAQLP

exports[`renders input 1`] = `
<input
  className="input"
/>
`;
